[2026-10-05T11:25:07.443Z] {"timestamp":1791199504689,"level":"DEBUG","args":["[Manus] Debug collector initialized (no rrweb, UI events only)"],"stack":null}
[2026-10-05T11:25:07.443Z] {"timestamp":1791199505108,"level":"DEBUG","args":["[vite] connected."],"stack":null}
[2026-10-05T11:25:33.998Z] {"timestamp":1791199531264,"level":"DEBUG","args":["[Manus] Debug collector initialized (no rrweb, UI events only)"],"stack":null}
[2026-10-05T11:25:33.998Z] {"timestamp":1791199531683,"level":"DEBUG","args":["[vite] connected."],"stack":null}
[2026-10-05T11:28:48.744Z] {"timestamp":1791199727498,"level":"DEBUG","args":["[vite]","hot updated: /src/pages/PortalAccess.tsx"],"stack":null}
[2026-10-05T11:28:48.744Z] {"timestamp":1791199727498,"level":"DEBUG","args":["[vite]","hot updated: /src/index.css"],"stack":null}
[2026-10-05T11:29:09.760Z] {"timestamp":1791199746352,"level":"DEBUG","args":["[Manus] Debug collector initialized (no rrweb, UI events only)"],"stack":null}
[2026-10-05T11:29:09.760Z] {"timestamp":1791199746764,"level":"DEBUG","args":["[vite] connected."],"stack":null}
[2026-10-05T11:29:19.751Z] {"timestamp":1791199756616,"level":"DEBUG","args":["[Manus] Debug collector initialized (no rrweb, UI events only)"],"stack":null}
[2026-10-05T11:29:19.751Z] {"timestamp":1791199757039,"level":"DEBUG","args":["[vite] connected."],"stack":null}
[2026-10-05T11:29:26.462Z] {"timestamp":1791199764458,"level":"DEBUG","args":["[Manus] Debug collector initialized (no rrweb, UI events only)"],"stack":null}
[2026-10-05T11:29:26.462Z] {"timestamp":1791199764487,"level":"DEBUG","args":["[vite] connected."],"stack":null}
[2026-10-05T11:29:26.462Z] {"timestamp":1791199764819,"level":"INFO","args":["%cDownload the React DevTools for a better development experience: https://react.dev/link/react-devtools","font-weight:bold"],"stack":null}
[2026-10-05T11:29:26.751Z] {"timestamp":1791199763446,"level":"DEBUG","args":["[Manus] Debug collector initialized (no rrweb, UI events only)"],"stack":null}
[2026-10-05T11:29:26.751Z] {"timestamp":1791199763862,"level":"DEBUG","args":["[vite] connected."],"stack":null}
[2026-10-05T11:29:29.750Z] {"timestamp":1791199766915,"level":"DEBUG","args":["[Manus] Debug collector initialized (no rrweb, UI events only)"],"stack":null}
[2026-10-05T11:29:29.750Z] {"timestamp":1791199767358,"level":"DEBUG","args":["[vite] connected."],"stack":null}
[2026-10-05T11:30:16.745Z] {"timestamp":1791199813856,"level":"DEBUG","args":["[Manus] Debug collector initialized (no rrweb, UI events only)"],"stack":null}
[2026-10-05T11:30:16.745Z] {"timestamp":1791199814276,"level":"DEBUG","args":["[vite] connected."],"stack":null}
[2026-10-05T11:30:35.324Z] {"timestamp":1791199832560,"level":"DEBUG","args":["[Manus] Debug collector initialized (no rrweb, UI events only)"],"stack":null}
[2026-10-05T11:30:35.324Z] {"timestamp":1791199832987,"level":"DEBUG","args":["[vite] connected."],"stack":null}
[2026-10-05T11:34:15.553Z] {"timestamp":1791200052149,"level":"DEBUG","args":["[Manus] Debug collector initialized (no rrweb, UI events only)"],"stack":null}
[2026-10-05T11:34:15.553Z] {"timestamp":1791200052585,"level":"DEBUG","args":["[vite] connected."],"stack":null}
[2026-10-05T11:34:24.080Z] {"timestamp":1791200061330,"level":"DEBUG","args":["[Manus] Debug collector initialized (no rrweb, UI events only)"],"stack":null}
[2026-10-05T11:34:24.080Z] {"timestamp":1791200061749,"level":"DEBUG","args":["[vite] connected."],"stack":null}
[2026-10-05T11:35:14.750Z] {"timestamp":1791200111385,"level":"DEBUG","args":["[Manus] Debug collector initialized (no rrweb, UI events only)"],"stack":null}
[2026-10-05T11:35:14.750Z] {"timestamp":1791200113743,"level":"DEBUG","args":["[vite] connected."],"stack":null}
